/Users/rusana-maria/Desktop/Programare/Testare/lab6seara/src/test/java/lab6/pages/DictionaryPage.java
/Users/rusana-maria/Desktop/Programare/Testare/lab6seara/src/test/java/lab6/steps/serenity/EndUserErrorSteps.java
/Users/rusana-maria/Desktop/Programare/Testare/lab6seara/src/test/java/lab6/pages/DirCreateSuccesfulPage.java
/Users/rusana-maria/Desktop/Programare/Testare/lab6seara/src/test/java/lab6/pages/deleteHomePage.java
/Users/rusana-maria/Desktop/Programare/Testare/lab6seara/src/test/java/lab6/features/search/ftpParamerizedStory.java
/Users/rusana-maria/Desktop/Programare/Testare/lab6seara/src/test/java/lab6/steps/serenity/EndUserDirSteps.java
/Users/rusana-maria/Desktop/Programare/Testare/lab6seara/src/test/java/lab6/steps/serenity/EndUserLogoutSteps.java
/Users/rusana-maria/Desktop/Programare/Testare/lab6seara/src/test/java/lab6/pages/loginPage.java
/Users/rusana-maria/Desktop/Programare/Testare/lab6seara/src/test/java/lab6/features/search/ftpStory.java
/Users/rusana-maria/Desktop/Programare/Testare/lab6seara/src/test/java/lab6/steps/serenity/EndUserDirCreationStepsAfterDelete.java
/Users/rusana-maria/Desktop/Programare/Testare/lab6seara/src/test/java/lab6/pages/dirHomePage.java
/Users/rusana-maria/Desktop/Programare/Testare/lab6seara/src/test/java/lab6/pages/logoutPage.java
/Users/rusana-maria/Desktop/Programare/Testare/lab6seara/src/test/java/lab6/features/search/DirCreateStoryAndDelete.java
/Users/rusana-maria/Desktop/Programare/Testare/lab6seara/src/test/java/lab6/steps/serenity/EndUserLoginSteps.java
/Users/rusana-maria/Desktop/Programare/Testare/lab6seara/src/test/java/lab6/pages/errorPage.java
/Users/rusana-maria/Desktop/Programare/Testare/lab6seara/src/test/java/lab6/features/search/package-info.java
/Users/rusana-maria/Desktop/Programare/Testare/lab6seara/src/test/java/lab6/steps/serenity/EndUserSteps.java
/Users/rusana-maria/Desktop/Programare/Testare/lab6seara/src/test/java/lab6/pages/dirCreatePage.java
